<testsuites id="" name="" tests="11" failures="11" skipped="0" errors="0" time="1814.2960970000001">
<testsuite name="04-support-tickets.smoke.spec.ts" timestamp="2025-12-13T14:07:48.270Z" hostname="smoke" tests="11" failures="11" skipped="0" time="1423.814" errors="0">
<testcase name="Support Tickets - IT_Support Role › IT_Support can access tickets page" classname="04-support-tickets.smoke.spec.ts" time="130.43">
<failure message="04-support-tickets.smoke.spec.ts:32:7 IT_Support can access tickets page" type="FAILURE">
<![CDATA[  [smoke] › 04-support-tickets.smoke.spec.ts:32:7 › Support Tickets - IT_Support Role › IT_Support can access tickets page 

    TimeoutError: page.waitForURL: Timeout 60000ms exceeded.
    =========================== logs ===========================
    waiting for navigation to "**/app/**" until "commit"
    ============================================================

       at pages/LoginPage.ts:37

      35 |     // Wait for navigation (increased timeout for slow backend - can take 4-5 seconds for login)
      36 |     // Use 'commit' instead of 'load' to not wait for all resources
    > 37 |     await this.page.waitForURL('**/app/**', { timeout: 60000, waitUntil: 'commit' });
         |                     ^
      38 |     await this.waitForPageReady();
      39 |   }
      40 |
        at LoginPage.login (/Users/nikolay/github/greenpay/tests/production/pages/LoginPage.ts:37:21)
        at /Users/nikolay/github/greenpay/tests/production/04-support-tickets.smoke.spec.ts:35:5

    attachment #1: screenshot (image/png) ──────────────────────────────────────────────────────────
    ../../test-results/04-support-tickets.smoke-S-d9b20-ort-can-access-tickets-page-smoke/test-failed-1.png
    ────────────────────────────────────────────────────────────────────────────────────────────────

    attachment #2: video (video/webm) ──────────────────────────────────────────────────────────────
    ../../test-results/04-support-tickets.smoke-S-d9b20-ort-can-access-tickets-page-smoke/video.webm
    ────────────────────────────────────────────────────────────────────────────────────────────────

    Error Context: ../../test-results/04-support-tickets.smoke-S-d9b20-ort-can-access-tickets-page-smoke/error-context.md

    attachment #4: trace (application/zip) ─────────────────────────────────────────────────────────
    ../../test-results/04-support-tickets.smoke-S-d9b20-ort-can-access-tickets-page-smoke/trace.zip
    Usage:

        npx playwright show-trace ../../test-results/04-support-tickets.smoke-S-d9b20-ort-can-access-tickets-page-smoke/trace.zip

    ────────────────────────────────────────────────────────────────────────────────────────────────

    Retry #1 ───────────────────────────────────────────────────────────────────────────────────────

    TimeoutError: page.waitForURL: Timeout 60000ms exceeded.
    =========================== logs ===========================
    waiting for navigation to "**/app/**" until "commit"
    ============================================================

       at pages/LoginPage.ts:37

      35 |     // Wait for navigation (increased timeout for slow backend - can take 4-5 seconds for login)
      36 |     // Use 'commit' instead of 'load' to not wait for all resources
    > 37 |     await this.page.waitForURL('**/app/**', { timeout: 60000, waitUntil: 'commit' });
         |                     ^
      38 |     await this.waitForPageReady();
      39 |   }
      40 |
        at LoginPage.login (/Users/nikolay/github/greenpay/tests/production/pages/LoginPage.ts:37:21)
        at /Users/nikolay/github/greenpay/tests/production/04-support-tickets.smoke.spec.ts:35:5

    attachment #1: screenshot (image/png) ──────────────────────────────────────────────────────────
    ../../test-results/04-support-tickets.smoke-S-d9b20-ort-can-access-tickets-page-smoke-retry1/test-failed-1.png
    ────────────────────────────────────────────────────────────────────────────────────────────────

    attachment #2: video (video/webm) ──────────────────────────────────────────────────────────────
    ../../test-results/04-support-tickets.smoke-S-d9b20-ort-can-access-tickets-page-smoke-retry1/video.webm
    ────────────────────────────────────────────────────────────────────────────────────────────────

    Error Context: ../../test-results/04-support-tickets.smoke-S-d9b20-ort-can-access-tickets-page-smoke-retry1/error-context.md

    attachment #4: trace (application/zip) ─────────────────────────────────────────────────────────
    ../../test-results/04-support-tickets.smoke-S-d9b20-ort-can-access-tickets-page-smoke-retry1/trace.zip
    Usage:

        npx playwright show-trace ../../test-results/04-support-tickets.smoke-S-d9b20-ort-can-access-tickets-page-smoke-retry1/trace.zip

    ────────────────────────────────────────────────────────────────────────────────────────────────
]]>
</failure>
<system-err>
<![CDATA[
Warning: attachment ../test-results/04-support-tickets.smoke-S-d9b20-ort-can-access-tickets-page-smoke/test-failed-1.png is missing
Warning: attachment ../test-results/04-support-tickets.smoke-S-d9b20-ort-can-access-tickets-page-smoke/video.webm is missing
Warning: attachment ../test-results/04-support-tickets.smoke-S-d9b20-ort-can-access-tickets-page-smoke/error-context.md is missing
Warning: attachment ../test-results/04-support-tickets.smoke-S-d9b20-ort-can-access-tickets-page-smoke/trace.zip is missing
Warning: attachment ../test-results/04-support-tickets.smoke-S-d9b20-ort-can-access-tickets-page-smoke-retry1/test-failed-1.png is missing
Warning: attachment ../test-results/04-support-tickets.smoke-S-d9b20-ort-can-access-tickets-page-smoke-retry1/video.webm is missing
Warning: attachment ../test-results/04-support-tickets.smoke-S-d9b20-ort-can-access-tickets-page-smoke-retry1/error-context.md is missing
Warning: attachment ../test-results/04-support-tickets.smoke-S-d9b20-ort-can-access-tickets-page-smoke-retry1/trace.zip is missing]]>
</system-err>
</testcase>
<testcase name="Support Tickets - IT_Support Role › IT_Support can create a new ticket" classname="04-support-tickets.smoke.spec.ts" time="130.892">
<failure message="04-support-tickets.smoke.spec.ts:49:7 IT_Support can create a new ticket" type="FAILURE">
<![CDATA[  [smoke] › 04-support-tickets.smoke.spec.ts:49:7 › Support Tickets - IT_Support Role › IT_Support can create a new ticket 

    TimeoutError: page.waitForURL: Timeout 60000ms exceeded.
    =========================== logs ===========================
    waiting for navigation to "**/app/**" until "commit"
    ============================================================

       at pages/LoginPage.ts:37

      35 |     // Wait for navigation (increased timeout for slow backend - can take 4-5 seconds for login)
      36 |     // Use 'commit' instead of 'load' to not wait for all resources
    > 37 |     await this.page.waitForURL('**/app/**', { timeout: 60000, waitUntil: 'commit' });
         |                     ^
      38 |     await this.waitForPageReady();
      39 |   }
      40 |
        at LoginPage.login (/Users/nikolay/github/greenpay/tests/production/pages/LoginPage.ts:37:21)
        at /Users/nikolay/github/greenpay/tests/production/04-support-tickets.smoke.spec.ts:52:5

    attachment #1: screenshot (image/png) ──────────────────────────────────────────────────────────
    ../../test-results/04-support-tickets.smoke-S-c13ad-ort-can-create-a-new-ticket-smoke/test-failed-1.png
    ────────────────────────────────────────────────────────────────────────────────────────────────

    attachment #2: video (video/webm) ──────────────────────────────────────────────────────────────
    ../../test-results/04-support-tickets.smoke-S-c13ad-ort-can-create-a-new-ticket-smoke/video.webm
    ────────────────────────────────────────────────────────────────────────────────────────────────

    Error Context: ../../test-results/04-support-tickets.smoke-S-c13ad-ort-can-create-a-new-ticket-smoke/error-context.md

    attachment #4: trace (application/zip) ─────────────────────────────────────────────────────────
    ../../test-results/04-support-tickets.smoke-S-c13ad-ort-can-create-a-new-ticket-smoke/trace.zip
    Usage:

        npx playwright show-trace ../../test-results/04-support-tickets.smoke-S-c13ad-ort-can-create-a-new-ticket-smoke/trace.zip

    ────────────────────────────────────────────────────────────────────────────────────────────────

    Retry #1 ───────────────────────────────────────────────────────────────────────────────────────

    TimeoutError: page.waitForURL: Timeout 60000ms exceeded.
    =========================== logs ===========================
    waiting for navigation to "**/app/**" until "commit"
    ============================================================

       at pages/LoginPage.ts:37

      35 |     // Wait for navigation (increased timeout for slow backend - can take 4-5 seconds for login)
      36 |     // Use 'commit' instead of 'load' to not wait for all resources
    > 37 |     await this.page.waitForURL('**/app/**', { timeout: 60000, waitUntil: 'commit' });
         |                     ^
      38 |     await this.waitForPageReady();
      39 |   }
      40 |
        at LoginPage.login (/Users/nikolay/github/greenpay/tests/production/pages/LoginPage.ts:37:21)
        at /Users/nikolay/github/greenpay/tests/production/04-support-tickets.smoke.spec.ts:52:5

    attachment #1: screenshot (image/png) ──────────────────────────────────────────────────────────
    ../../test-results/04-support-tickets.smoke-S-c13ad-ort-can-create-a-new-ticket-smoke-retry1/test-failed-1.png
    ────────────────────────────────────────────────────────────────────────────────────────────────

    attachment #2: video (video/webm) ──────────────────────────────────────────────────────────────
    ../../test-results/04-support-tickets.smoke-S-c13ad-ort-can-create-a-new-ticket-smoke-retry1/video.webm
    ────────────────────────────────────────────────────────────────────────────────────────────────

    Error Context: ../../test-results/04-support-tickets.smoke-S-c13ad-ort-can-create-a-new-ticket-smoke-retry1/error-context.md

    attachment #4: trace (application/zip) ─────────────────────────────────────────────────────────
    ../../test-results/04-support-tickets.smoke-S-c13ad-ort-can-create-a-new-ticket-smoke-retry1/trace.zip
    Usage:

        npx playwright show-trace ../../test-results/04-support-tickets.smoke-S-c13ad-ort-can-create-a-new-ticket-smoke-retry1/trace.zip

    ────────────────────────────────────────────────────────────────────────────────────────────────
]]>
</failure>
<system-err>
<![CDATA[
Warning: attachment ../test-results/04-support-tickets.smoke-S-c13ad-ort-can-create-a-new-ticket-smoke/test-failed-1.png is missing
Warning: attachment ../test-results/04-support-tickets.smoke-S-c13ad-ort-can-create-a-new-ticket-smoke/video.webm is missing
Warning: attachment ../test-results/04-support-tickets.smoke-S-c13ad-ort-can-create-a-new-ticket-smoke/error-context.md is missing
Warning: attachment ../test-results/04-support-tickets.smoke-S-c13ad-ort-can-create-a-new-ticket-smoke/trace.zip is missing
Warning: attachment ../test-results/04-support-tickets.smoke-S-c13ad-ort-can-create-a-new-ticket-smoke-retry1/test-failed-1.png is missing
Warning: attachment ../test-results/04-support-tickets.smoke-S-c13ad-ort-can-create-a-new-ticket-smoke-retry1/video.webm is missing
Warning: attachment ../test-results/04-support-tickets.smoke-S-c13ad-ort-can-create-a-new-ticket-smoke-retry1/error-context.md is missing
Warning: attachment ../test-results/04-support-tickets.smoke-S-c13ad-ort-can-create-a-new-ticket-smoke-retry1/trace.zip is missing]]>
</system-err>
</testcase>
<testcase name="Support Tickets - IT_Support Role › IT_Support can view all tickets" classname="04-support-tickets.smoke.spec.ts" time="129.607">
<failure message="04-support-tickets.smoke.spec.ts:184:7 IT_Support can view all tickets" type="FAILURE">
<![CDATA[  [smoke] › 04-support-tickets.smoke.spec.ts:184:7 › Support Tickets - IT_Support Role › IT_Support can view all tickets 

    TimeoutError: page.waitForURL: Timeout 60000ms exceeded.
    =========================== logs ===========================
    waiting for navigation to "**/app/**" until "commit"
    ============================================================

       at pages/LoginPage.ts:37

      35 |     // Wait for navigation (increased timeout for slow backend - can take 4-5 seconds for login)
      36 |     // Use 'commit' instead of 'load' to not wait for all resources
    > 37 |     await this.page.waitForURL('**/app/**', { timeout: 60000, waitUntil: 'commit' });
         |                     ^
      38 |     await this.waitForPageReady();
      39 |   }
      40 |
        at LoginPage.login (/Users/nikolay/github/greenpay/tests/production/pages/LoginPage.ts:37:21)
        at /Users/nikolay/github/greenpay/tests/production/04-support-tickets.smoke.spec.ts:187:5

    attachment #1: screenshot (image/png) ──────────────────────────────────────────────────────────
    ../../test-results/04-support-tickets.smoke-S-107eb-upport-can-view-all-tickets-smoke/test-failed-1.png
    ────────────────────────────────────────────────────────────────────────────────────────────────

    attachment #2: video (video/webm) ──────────────────────────────────────────────────────────────
    ../../test-results/04-support-tickets.smoke-S-107eb-upport-can-view-all-tickets-smoke/video.webm
    ────────────────────────────────────────────────────────────────────────────────────────────────

    Error Context: ../../test-results/04-support-tickets.smoke-S-107eb-upport-can-view-all-tickets-smoke/error-context.md

    attachment #4: trace (application/zip) ─────────────────────────────────────────────────────────
    ../../test-results/04-support-tickets.smoke-S-107eb-upport-can-view-all-tickets-smoke/trace.zip
    Usage:

        npx playwright show-trace ../../test-results/04-support-tickets.smoke-S-107eb-upport-can-view-all-tickets-smoke/trace.zip

    ────────────────────────────────────────────────────────────────────────────────────────────────

    Retry #1 ───────────────────────────────────────────────────────────────────────────────────────

    TimeoutError: page.waitForURL: Timeout 60000ms exceeded.
    =========================== logs ===========================
    waiting for navigation to "**/app/**" until "commit"
    ============================================================

       at pages/LoginPage.ts:37

      35 |     // Wait for navigation (increased timeout for slow backend - can take 4-5 seconds for login)
      36 |     // Use 'commit' instead of 'load' to not wait for all resources
    > 37 |     await this.page.waitForURL('**/app/**', { timeout: 60000, waitUntil: 'commit' });
         |                     ^
      38 |     await this.waitForPageReady();
      39 |   }
      40 |
        at LoginPage.login (/Users/nikolay/github/greenpay/tests/production/pages/LoginPage.ts:37:21)
        at /Users/nikolay/github/greenpay/tests/production/04-support-tickets.smoke.spec.ts:187:5

    attachment #1: screenshot (image/png) ──────────────────────────────────────────────────────────
    ../../test-results/04-support-tickets.smoke-S-107eb-upport-can-view-all-tickets-smoke-retry1/test-failed-1.png
    ────────────────────────────────────────────────────────────────────────────────────────────────

    attachment #2: video (video/webm) ──────────────────────────────────────────────────────────────
    ../../test-results/04-support-tickets.smoke-S-107eb-upport-can-view-all-tickets-smoke-retry1/video.webm
    ────────────────────────────────────────────────────────────────────────────────────────────────

    Error Context: ../../test-results/04-support-tickets.smoke-S-107eb-upport-can-view-all-tickets-smoke-retry1/error-context.md

    attachment #4: trace (application/zip) ─────────────────────────────────────────────────────────
    ../../test-results/04-support-tickets.smoke-S-107eb-upport-can-view-all-tickets-smoke-retry1/trace.zip
    Usage:

        npx playwright show-trace ../../test-results/04-support-tickets.smoke-S-107eb-upport-can-view-all-tickets-smoke-retry1/trace.zip

    ────────────────────────────────────────────────────────────────────────────────────────────────
]]>
</failure>
<system-err>
<![CDATA[
Warning: attachment ../test-results/04-support-tickets.smoke-S-107eb-upport-can-view-all-tickets-smoke/test-failed-1.png is missing
Warning: attachment ../test-results/04-support-tickets.smoke-S-107eb-upport-can-view-all-tickets-smoke/video.webm is missing
Warning: attachment ../test-results/04-support-tickets.smoke-S-107eb-upport-can-view-all-tickets-smoke/error-context.md is missing
Warning: attachment ../test-results/04-support-tickets.smoke-S-107eb-upport-can-view-all-tickets-smoke/trace.zip is missing
Warning: attachment ../test-results/04-support-tickets.smoke-S-107eb-upport-can-view-all-tickets-smoke-retry1/test-failed-1.png is missing
Warning: attachment ../test-results/04-support-tickets.smoke-S-107eb-upport-can-view-all-tickets-smoke-retry1/video.webm is missing
Warning: attachment ../test-results/04-support-tickets.smoke-S-107eb-upport-can-view-all-tickets-smoke-retry1/error-context.md is missing
Warning: attachment ../test-results/04-support-tickets.smoke-S-107eb-upport-can-view-all-tickets-smoke-retry1/trace.zip is missing]]>
</system-err>
</testcase>
<testcase name="Support Tickets - IT_Support Role › IT_Support can update ticket status" classname="04-support-tickets.smoke.spec.ts" time="128.807">
<failure message="04-support-tickets.smoke.spec.ts:209:7 IT_Support can update ticket status" type="FAILURE">
<![CDATA[  [smoke] › 04-support-tickets.smoke.spec.ts:209:7 › Support Tickets - IT_Support Role › IT_Support can update ticket status 

    TimeoutError: page.waitForURL: Timeout 60000ms exceeded.
    =========================== logs ===========================
    waiting for navigation to "**/app/**" until "commit"
    ============================================================

       at pages/LoginPage.ts:37

      35 |     // Wait for navigation (increased timeout for slow backend - can take 4-5 seconds for login)
      36 |     // Use 'commit' instead of 'load' to not wait for all resources
    > 37 |     await this.page.waitForURL('**/app/**', { timeout: 60000, waitUntil: 'commit' });
         |                     ^
      38 |     await this.waitForPageReady();
      39 |   }
      40 |
        at LoginPage.login (/Users/nikolay/github/greenpay/tests/production/pages/LoginPage.ts:37:21)
        at /Users/nikolay/github/greenpay/tests/production/04-support-tickets.smoke.spec.ts:212:5

    attachment #1: screenshot (image/png) ──────────────────────────────────────────────────────────
    ../../test-results/04-support-tickets.smoke-S-82774-rt-can-update-ticket-status-smoke/test-failed-1.png
    ────────────────────────────────────────────────────────────────────────────────────────────────

    attachment #2: video (video/webm) ──────────────────────────────────────────────────────────────
    ../../test-results/04-support-tickets.smoke-S-82774-rt-can-update-ticket-status-smoke/video.webm
    ────────────────────────────────────────────────────────────────────────────────────────────────

    Error Context: ../../test-results/04-support-tickets.smoke-S-82774-rt-can-update-ticket-status-smoke/error-context.md

    attachment #4: trace (application/zip) ─────────────────────────────────────────────────────────
    ../../test-results/04-support-tickets.smoke-S-82774-rt-can-update-ticket-status-smoke/trace.zip
    Usage:

        npx playwright show-trace ../../test-results/04-support-tickets.smoke-S-82774-rt-can-update-ticket-status-smoke/trace.zip

    ────────────────────────────────────────────────────────────────────────────────────────────────

    Retry #1 ───────────────────────────────────────────────────────────────────────────────────────

    TimeoutError: page.waitForURL: Timeout 60000ms exceeded.
    =========================== logs ===========================
    waiting for navigation to "**/app/**" until "commit"
    ============================================================

       at pages/LoginPage.ts:37

      35 |     // Wait for navigation (increased timeout for slow backend - can take 4-5 seconds for login)
      36 |     // Use 'commit' instead of 'load' to not wait for all resources
    > 37 |     await this.page.waitForURL('**/app/**', { timeout: 60000, waitUntil: 'commit' });
         |                     ^
      38 |     await this.waitForPageReady();
      39 |   }
      40 |
        at LoginPage.login (/Users/nikolay/github/greenpay/tests/production/pages/LoginPage.ts:37:21)
        at /Users/nikolay/github/greenpay/tests/production/04-support-tickets.smoke.spec.ts:212:5

    attachment #1: screenshot (image/png) ──────────────────────────────────────────────────────────
    ../../test-results/04-support-tickets.smoke-S-82774-rt-can-update-ticket-status-smoke-retry1/test-failed-1.png
    ────────────────────────────────────────────────────────────────────────────────────────────────

    attachment #2: video (video/webm) ──────────────────────────────────────────────────────────────
    ../../test-results/04-support-tickets.smoke-S-82774-rt-can-update-ticket-status-smoke-retry1/video.webm
    ────────────────────────────────────────────────────────────────────────────────────────────────

    Error Context: ../../test-results/04-support-tickets.smoke-S-82774-rt-can-update-ticket-status-smoke-retry1/error-context.md

    attachment #4: trace (application/zip) ─────────────────────────────────────────────────────────
    ../../test-results/04-support-tickets.smoke-S-82774-rt-can-update-ticket-status-smoke-retry1/trace.zip
    Usage:

        npx playwright show-trace ../../test-results/04-support-tickets.smoke-S-82774-rt-can-update-ticket-status-smoke-retry1/trace.zip

    ────────────────────────────────────────────────────────────────────────────────────────────────
]]>
</failure>
<system-err>
<![CDATA[
Warning: attachment ../test-results/04-support-tickets.smoke-S-82774-rt-can-update-ticket-status-smoke/test-failed-1.png is missing
Warning: attachment ../test-results/04-support-tickets.smoke-S-82774-rt-can-update-ticket-status-smoke/video.webm is missing
Warning: attachment ../test-results/04-support-tickets.smoke-S-82774-rt-can-update-ticket-status-smoke/error-context.md is missing
Warning: attachment ../test-results/04-support-tickets.smoke-S-82774-rt-can-update-ticket-status-smoke/trace.zip is missing
Warning: attachment ../test-results/04-support-tickets.smoke-S-82774-rt-can-update-ticket-status-smoke-retry1/test-failed-1.png is missing
Warning: attachment ../test-results/04-support-tickets.smoke-S-82774-rt-can-update-ticket-status-smoke-retry1/video.webm is missing
Warning: attachment ../test-results/04-support-tickets.smoke-S-82774-rt-can-update-ticket-status-smoke-retry1/error-context.md is missing
Warning: attachment ../test-results/04-support-tickets.smoke-S-82774-rt-can-update-ticket-status-smoke-retry1/trace.zip is missing]]>
</system-err>
</testcase>
<testcase name="Support Tickets - IT_Support Role › IT_Support can add comments to tickets" classname="04-support-tickets.smoke.spec.ts" time="130.925">
<failure message="04-support-tickets.smoke.spec.ts:285:7 IT_Support can add comments to tickets" type="FAILURE">
<![CDATA[  [smoke] › 04-support-tickets.smoke.spec.ts:285:7 › Support Tickets - IT_Support Role › IT_Support can add comments to tickets 

    TimeoutError: page.waitForURL: Timeout 60000ms exceeded.
    =========================== logs ===========================
    waiting for navigation to "**/app/**" until "commit"
    ============================================================

       at pages/LoginPage.ts:37

      35 |     // Wait for navigation (increased timeout for slow backend - can take 4-5 seconds for login)
      36 |     // Use 'commit' instead of 'load' to not wait for all resources
    > 37 |     await this.page.waitForURL('**/app/**', { timeout: 60000, waitUntil: 'commit' });
         |                     ^
      38 |     await this.waitForPageReady();
      39 |   }
      40 |
        at LoginPage.login (/Users/nikolay/github/greenpay/tests/production/pages/LoginPage.ts:37:21)
        at /Users/nikolay/github/greenpay/tests/production/04-support-tickets.smoke.spec.ts:288:5

    attachment #1: screenshot (image/png) ──────────────────────────────────────────────────────────
    ../../test-results/04-support-tickets.smoke-S-95056-can-add-comments-to-tickets-smoke/test-failed-1.png
    ────────────────────────────────────────────────────────────────────────────────────────────────

    attachment #2: video (video/webm) ──────────────────────────────────────────────────────────────
    ../../test-results/04-support-tickets.smoke-S-95056-can-add-comments-to-tickets-smoke/video.webm
    ────────────────────────────────────────────────────────────────────────────────────────────────

    Error Context: ../../test-results/04-support-tickets.smoke-S-95056-can-add-comments-to-tickets-smoke/error-context.md

    attachment #4: trace (application/zip) ─────────────────────────────────────────────────────────
    ../../test-results/04-support-tickets.smoke-S-95056-can-add-comments-to-tickets-smoke/trace.zip
    Usage:

        npx playwright show-trace ../../test-results/04-support-tickets.smoke-S-95056-can-add-comments-to-tickets-smoke/trace.zip

    ────────────────────────────────────────────────────────────────────────────────────────────────

    Retry #1 ───────────────────────────────────────────────────────────────────────────────────────

    TimeoutError: page.waitForURL: Timeout 60000ms exceeded.
    =========================== logs ===========================
    waiting for navigation to "**/app/**" until "commit"
    ============================================================

       at pages/LoginPage.ts:37

      35 |     // Wait for navigation (increased timeout for slow backend - can take 4-5 seconds for login)
      36 |     // Use 'commit' instead of 'load' to not wait for all resources
    > 37 |     await this.page.waitForURL('**/app/**', { timeout: 60000, waitUntil: 'commit' });
         |                     ^
      38 |     await this.waitForPageReady();
      39 |   }
      40 |
        at LoginPage.login (/Users/nikolay/github/greenpay/tests/production/pages/LoginPage.ts:37:21)
        at /Users/nikolay/github/greenpay/tests/production/04-support-tickets.smoke.spec.ts:288:5

    attachment #1: screenshot (image/png) ──────────────────────────────────────────────────────────
    ../../test-results/04-support-tickets.smoke-S-95056-can-add-comments-to-tickets-smoke-retry1/test-failed-1.png
    ────────────────────────────────────────────────────────────────────────────────────────────────

    attachment #2: video (video/webm) ──────────────────────────────────────────────────────────────
    ../../test-results/04-support-tickets.smoke-S-95056-can-add-comments-to-tickets-smoke-retry1/video.webm
    ────────────────────────────────────────────────────────────────────────────────────────────────

    Error Context: ../../test-results/04-support-tickets.smoke-S-95056-can-add-comments-to-tickets-smoke-retry1/error-context.md

    attachment #4: trace (application/zip) ─────────────────────────────────────────────────────────
    ../../test-results/04-support-tickets.smoke-S-95056-can-add-comments-to-tickets-smoke-retry1/trace.zip
    Usage:

        npx playwright show-trace ../../test-results/04-support-tickets.smoke-S-95056-can-add-comments-to-tickets-smoke-retry1/trace.zip

    ────────────────────────────────────────────────────────────────────────────────────────────────
]]>
</failure>
<system-err>
<![CDATA[
Warning: attachment ../test-results/04-support-tickets.smoke-S-95056-can-add-comments-to-tickets-smoke/test-failed-1.png is missing
Warning: attachment ../test-results/04-support-tickets.smoke-S-95056-can-add-comments-to-tickets-smoke/video.webm is missing
Warning: attachment ../test-results/04-support-tickets.smoke-S-95056-can-add-comments-to-tickets-smoke/error-context.md is missing
Warning: attachment ../test-results/04-support-tickets.smoke-S-95056-can-add-comments-to-tickets-smoke/trace.zip is missing
Warning: attachment ../test-results/04-support-tickets.smoke-S-95056-can-add-comments-to-tickets-smoke-retry1/test-failed-1.png is missing
Warning: attachment ../test-results/04-support-tickets.smoke-S-95056-can-add-comments-to-tickets-smoke-retry1/video.webm is missing
Warning: attachment ../test-results/04-support-tickets.smoke-S-95056-can-add-comments-to-tickets-smoke-retry1/error-context.md is missing
Warning: attachment ../test-results/04-support-tickets.smoke-S-95056-can-add-comments-to-tickets-smoke-retry1/trace.zip is missing]]>
</system-err>
</testcase>
<testcase name="Support Tickets - IT_Support Role › IT_Support can delete tickets" classname="04-support-tickets.smoke.spec.ts" time="129.299">
<failure message="04-support-tickets.smoke.spec.ts:359:7 IT_Support can delete tickets" type="FAILURE">
<![CDATA[  [smoke] › 04-support-tickets.smoke.spec.ts:359:7 › Support Tickets - IT_Support Role › IT_Support can delete tickets 

    TimeoutError: page.waitForURL: Timeout 60000ms exceeded.
    =========================== logs ===========================
    waiting for navigation to "**/app/**" until "commit"
    ============================================================

       at pages/LoginPage.ts:37

      35 |     // Wait for navigation (increased timeout for slow backend - can take 4-5 seconds for login)
      36 |     // Use 'commit' instead of 'load' to not wait for all resources
    > 37 |     await this.page.waitForURL('**/app/**', { timeout: 60000, waitUntil: 'commit' });
         |                     ^
      38 |     await this.waitForPageReady();
      39 |   }
      40 |
        at LoginPage.login (/Users/nikolay/github/greenpay/tests/production/pages/LoginPage.ts:37:21)
        at /Users/nikolay/github/greenpay/tests/production/04-support-tickets.smoke.spec.ts:362:5

    attachment #1: screenshot (image/png) ──────────────────────────────────────────────────────────
    ../../test-results/04-support-tickets.smoke-S-fbb5e--Support-can-delete-tickets-smoke/test-failed-1.png
    ────────────────────────────────────────────────────────────────────────────────────────────────

    attachment #2: video (video/webm) ──────────────────────────────────────────────────────────────
    ../../test-results/04-support-tickets.smoke-S-fbb5e--Support-can-delete-tickets-smoke/video.webm
    ────────────────────────────────────────────────────────────────────────────────────────────────

    Error Context: ../../test-results/04-support-tickets.smoke-S-fbb5e--Support-can-delete-tickets-smoke/error-context.md

    attachment #4: trace (application/zip) ─────────────────────────────────────────────────────────
    ../../test-results/04-support-tickets.smoke-S-fbb5e--Support-can-delete-tickets-smoke/trace.zip
    Usage:

        npx playwright show-trace ../../test-results/04-support-tickets.smoke-S-fbb5e--Support-can-delete-tickets-smoke/trace.zip

    ────────────────────────────────────────────────────────────────────────────────────────────────

    Retry #1 ───────────────────────────────────────────────────────────────────────────────────────

    TimeoutError: page.waitForURL: Timeout 60000ms exceeded.
    =========================== logs ===========================
    waiting for navigation to "**/app/**" until "commit"
    ============================================================

       at pages/LoginPage.ts:37

      35 |     // Wait for navigation (increased timeout for slow backend - can take 4-5 seconds for login)
      36 |     // Use 'commit' instead of 'load' to not wait for all resources
    > 37 |     await this.page.waitForURL('**/app/**', { timeout: 60000, waitUntil: 'commit' });
         |                     ^
      38 |     await this.waitForPageReady();
      39 |   }
      40 |
        at LoginPage.login (/Users/nikolay/github/greenpay/tests/production/pages/LoginPage.ts:37:21)
        at /Users/nikolay/github/greenpay/tests/production/04-support-tickets.smoke.spec.ts:362:5

    attachment #1: screenshot (image/png) ──────────────────────────────────────────────────────────
    ../../test-results/04-support-tickets.smoke-S-fbb5e--Support-can-delete-tickets-smoke-retry1/test-failed-1.png
    ────────────────────────────────────────────────────────────────────────────────────────────────

    attachment #2: video (video/webm) ──────────────────────────────────────────────────────────────
    ../../test-results/04-support-tickets.smoke-S-fbb5e--Support-can-delete-tickets-smoke-retry1/video.webm
    ────────────────────────────────────────────────────────────────────────────────────────────────

    Error Context: ../../test-results/04-support-tickets.smoke-S-fbb5e--Support-can-delete-tickets-smoke-retry1/error-context.md

    attachment #4: trace (application/zip) ─────────────────────────────────────────────────────────
    ../../test-results/04-support-tickets.smoke-S-fbb5e--Support-can-delete-tickets-smoke-retry1/trace.zip
    Usage:

        npx playwright show-trace ../../test-results/04-support-tickets.smoke-S-fbb5e--Support-can-delete-tickets-smoke-retry1/trace.zip

    ────────────────────────────────────────────────────────────────────────────────────────────────
]]>
</failure>
<system-err>
<![CDATA[
Warning: attachment ../test-results/04-support-tickets.smoke-S-fbb5e--Support-can-delete-tickets-smoke/test-failed-1.png is missing
Warning: attachment ../test-results/04-support-tickets.smoke-S-fbb5e--Support-can-delete-tickets-smoke/video.webm is missing
Warning: attachment ../test-results/04-support-tickets.smoke-S-fbb5e--Support-can-delete-tickets-smoke/error-context.md is missing
Warning: attachment ../test-results/04-support-tickets.smoke-S-fbb5e--Support-can-delete-tickets-smoke/trace.zip is missing
Warning: attachment ../test-results/04-support-tickets.smoke-S-fbb5e--Support-can-delete-tickets-smoke-retry1/test-failed-1.png is missing
Warning: attachment ../test-results/04-support-tickets.smoke-S-fbb5e--Support-can-delete-tickets-smoke-retry1/video.webm is missing
Warning: attachment ../test-results/04-support-tickets.smoke-S-fbb5e--Support-can-delete-tickets-smoke-retry1/error-context.md is missing
Warning: attachment ../test-results/04-support-tickets.smoke-S-fbb5e--Support-can-delete-tickets-smoke-retry1/trace.zip is missing]]>
</system-err>
</testcase>
<testcase name="Support Tickets - Counter_Agent Role › Counter_Agent can create tickets for their own issues" classname="04-support-tickets.smoke.spec.ts" time="129.839">
<failure message="04-support-tickets.smoke.spec.ts:405:7 Counter_Agent can create tickets for their own issues" type="FAILURE">
<![CDATA[  [smoke] › 04-support-tickets.smoke.spec.ts:405:7 › Support Tickets - Counter_Agent Role › Counter_Agent can create tickets for their own issues 

    TimeoutError: page.waitForURL: Timeout 60000ms exceeded.
    =========================== logs ===========================
    waiting for navigation to "**/app/**" until "commit"
    ============================================================

       at pages/LoginPage.ts:37

      35 |     // Wait for navigation (increased timeout for slow backend - can take 4-5 seconds for login)
      36 |     // Use 'commit' instead of 'load' to not wait for all resources
    > 37 |     await this.page.waitForURL('**/app/**', { timeout: 60000, waitUntil: 'commit' });
         |                     ^
      38 |     await this.waitForPageReady();
      39 |   }
      40 |
        at LoginPage.login (/Users/nikolay/github/greenpay/tests/production/pages/LoginPage.ts:37:21)
        at /Users/nikolay/github/greenpay/tests/production/04-support-tickets.smoke.spec.ts:408:5

    attachment #1: screenshot (image/png) ──────────────────────────────────────────────────────────
    ../../test-results/04-support-tickets.smoke-S-0a999-ickets-for-their-own-issues-smoke/test-failed-1.png
    ────────────────────────────────────────────────────────────────────────────────────────────────

    attachment #2: video (video/webm) ──────────────────────────────────────────────────────────────
    ../../test-results/04-support-tickets.smoke-S-0a999-ickets-for-their-own-issues-smoke/video.webm
    ────────────────────────────────────────────────────────────────────────────────────────────────

    Error Context: ../../test-results/04-support-tickets.smoke-S-0a999-ickets-for-their-own-issues-smoke/error-context.md

    attachment #4: trace (application/zip) ─────────────────────────────────────────────────────────
    ../../test-results/04-support-tickets.smoke-S-0a999-ickets-for-their-own-issues-smoke/trace.zip
    Usage:

        npx playwright show-trace ../../test-results/04-support-tickets.smoke-S-0a999-ickets-for-their-own-issues-smoke/trace.zip

    ────────────────────────────────────────────────────────────────────────────────────────────────

    Retry #1 ───────────────────────────────────────────────────────────────────────────────────────

    TimeoutError: page.waitForURL: Timeout 60000ms exceeded.
    =========================== logs ===========================
    waiting for navigation to "**/app/**" until "commit"
    ============================================================

       at pages/LoginPage.ts:37

      35 |     // Wait for navigation (increased timeout for slow backend - can take 4-5 seconds for login)
      36 |     // Use 'commit' instead of 'load' to not wait for all resources
    > 37 |     await this.page.waitForURL('**/app/**', { timeout: 60000, waitUntil: 'commit' });
         |                     ^
      38 |     await this.waitForPageReady();
      39 |   }
      40 |
        at LoginPage.login (/Users/nikolay/github/greenpay/tests/production/pages/LoginPage.ts:37:21)
        at /Users/nikolay/github/greenpay/tests/production/04-support-tickets.smoke.spec.ts:408:5

    attachment #1: screenshot (image/png) ──────────────────────────────────────────────────────────
    ../../test-results/04-support-tickets.smoke-S-0a999-ickets-for-their-own-issues-smoke-retry1/test-failed-1.png
    ────────────────────────────────────────────────────────────────────────────────────────────────

    attachment #2: video (video/webm) ──────────────────────────────────────────────────────────────
    ../../test-results/04-support-tickets.smoke-S-0a999-ickets-for-their-own-issues-smoke-retry1/video.webm
    ────────────────────────────────────────────────────────────────────────────────────────────────

    Error Context: ../../test-results/04-support-tickets.smoke-S-0a999-ickets-for-their-own-issues-smoke-retry1/error-context.md

    attachment #4: trace (application/zip) ─────────────────────────────────────────────────────────
    ../../test-results/04-support-tickets.smoke-S-0a999-ickets-for-their-own-issues-smoke-retry1/trace.zip
    Usage:

        npx playwright show-trace ../../test-results/04-support-tickets.smoke-S-0a999-ickets-for-their-own-issues-smoke-retry1/trace.zip

    ────────────────────────────────────────────────────────────────────────────────────────────────
]]>
</failure>
<system-err>
<![CDATA[
Warning: attachment ../test-results/04-support-tickets.smoke-S-0a999-ickets-for-their-own-issues-smoke/test-failed-1.png is missing
Warning: attachment ../test-results/04-support-tickets.smoke-S-0a999-ickets-for-their-own-issues-smoke/video.webm is missing
Warning: attachment ../test-results/04-support-tickets.smoke-S-0a999-ickets-for-their-own-issues-smoke/error-context.md is missing
Warning: attachment ../test-results/04-support-tickets.smoke-S-0a999-ickets-for-their-own-issues-smoke/trace.zip is missing
Warning: attachment ../test-results/04-support-tickets.smoke-S-0a999-ickets-for-their-own-issues-smoke-retry1/test-failed-1.png is missing
Warning: attachment ../test-results/04-support-tickets.smoke-S-0a999-ickets-for-their-own-issues-smoke-retry1/video.webm is missing
Warning: attachment ../test-results/04-support-tickets.smoke-S-0a999-ickets-for-their-own-issues-smoke-retry1/error-context.md is missing
Warning: attachment ../test-results/04-support-tickets.smoke-S-0a999-ickets-for-their-own-issues-smoke-retry1/trace.zip is missing]]>
</system-err>
</testcase>
<testcase name="Support Tickets - Counter_Agent Role › Counter_Agent can only see their own tickets" classname="04-support-tickets.smoke.spec.ts" time="129.327">
<failure message="04-support-tickets.smoke.spec.ts:429:7 Counter_Agent can only see their own tickets" type="FAILURE">
<![CDATA[  [smoke] › 04-support-tickets.smoke.spec.ts:429:7 › Support Tickets - Counter_Agent Role › Counter_Agent can only see their own tickets 

    TimeoutError: page.waitForURL: Timeout 60000ms exceeded.
    =========================== logs ===========================
    waiting for navigation to "**/app/**" until "commit"
    ============================================================

       at pages/LoginPage.ts:37

      35 |     // Wait for navigation (increased timeout for slow backend - can take 4-5 seconds for login)
      36 |     // Use 'commit' instead of 'load' to not wait for all resources
    > 37 |     await this.page.waitForURL('**/app/**', { timeout: 60000, waitUntil: 'commit' });
         |                     ^
      38 |     await this.waitForPageReady();
      39 |   }
      40 |
        at LoginPage.login (/Users/nikolay/github/greenpay/tests/production/pages/LoginPage.ts:37:21)
        at /Users/nikolay/github/greenpay/tests/production/04-support-tickets.smoke.spec.ts:432:5

    attachment #1: screenshot (image/png) ──────────────────────────────────────────────────────────
    ../../test-results/04-support-tickets.smoke-S-d4ec2--only-see-their-own-tickets-smoke/test-failed-1.png
    ────────────────────────────────────────────────────────────────────────────────────────────────

    attachment #2: video (video/webm) ──────────────────────────────────────────────────────────────
    ../../test-results/04-support-tickets.smoke-S-d4ec2--only-see-their-own-tickets-smoke/video.webm
    ────────────────────────────────────────────────────────────────────────────────────────────────

    Error Context: ../../test-results/04-support-tickets.smoke-S-d4ec2--only-see-their-own-tickets-smoke/error-context.md

    attachment #4: trace (application/zip) ─────────────────────────────────────────────────────────
    ../../test-results/04-support-tickets.smoke-S-d4ec2--only-see-their-own-tickets-smoke/trace.zip
    Usage:

        npx playwright show-trace ../../test-results/04-support-tickets.smoke-S-d4ec2--only-see-their-own-tickets-smoke/trace.zip

    ────────────────────────────────────────────────────────────────────────────────────────────────

    Retry #1 ───────────────────────────────────────────────────────────────────────────────────────

    TimeoutError: page.waitForURL: Timeout 60000ms exceeded.
    =========================== logs ===========================
    waiting for navigation to "**/app/**" until "commit"
    ============================================================

       at pages/LoginPage.ts:37

      35 |     // Wait for navigation (increased timeout for slow backend - can take 4-5 seconds for login)
      36 |     // Use 'commit' instead of 'load' to not wait for all resources
    > 37 |     await this.page.waitForURL('**/app/**', { timeout: 60000, waitUntil: 'commit' });
         |                     ^
      38 |     await this.waitForPageReady();
      39 |   }
      40 |
        at LoginPage.login (/Users/nikolay/github/greenpay/tests/production/pages/LoginPage.ts:37:21)
        at /Users/nikolay/github/greenpay/tests/production/04-support-tickets.smoke.spec.ts:432:5

    attachment #1: screenshot (image/png) ──────────────────────────────────────────────────────────
    ../../test-results/04-support-tickets.smoke-S-d4ec2--only-see-their-own-tickets-smoke-retry1/test-failed-1.png
    ────────────────────────────────────────────────────────────────────────────────────────────────

    attachment #2: video (video/webm) ──────────────────────────────────────────────────────────────
    ../../test-results/04-support-tickets.smoke-S-d4ec2--only-see-their-own-tickets-smoke-retry1/video.webm
    ────────────────────────────────────────────────────────────────────────────────────────────────

    Error Context: ../../test-results/04-support-tickets.smoke-S-d4ec2--only-see-their-own-tickets-smoke-retry1/error-context.md

    attachment #4: trace (application/zip) ─────────────────────────────────────────────────────────
    ../../test-results/04-support-tickets.smoke-S-d4ec2--only-see-their-own-tickets-smoke-retry1/trace.zip
    Usage:

        npx playwright show-trace ../../test-results/04-support-tickets.smoke-S-d4ec2--only-see-their-own-tickets-smoke-retry1/trace.zip

    ────────────────────────────────────────────────────────────────────────────────────────────────
]]>
</failure>
<system-err>
<![CDATA[
Warning: attachment ../test-results/04-support-tickets.smoke-S-d4ec2--only-see-their-own-tickets-smoke/test-failed-1.png is missing
Warning: attachment ../test-results/04-support-tickets.smoke-S-d4ec2--only-see-their-own-tickets-smoke/video.webm is missing
Warning: attachment ../test-results/04-support-tickets.smoke-S-d4ec2--only-see-their-own-tickets-smoke/error-context.md is missing
Warning: attachment ../test-results/04-support-tickets.smoke-S-d4ec2--only-see-their-own-tickets-smoke/trace.zip is missing
Warning: attachment ../test-results/04-support-tickets.smoke-S-d4ec2--only-see-their-own-tickets-smoke-retry1/test-failed-1.png is missing
Warning: attachment ../test-results/04-support-tickets.smoke-S-d4ec2--only-see-their-own-tickets-smoke-retry1/video.webm is missing
Warning: attachment ../test-results/04-support-tickets.smoke-S-d4ec2--only-see-their-own-tickets-smoke-retry1/error-context.md is missing
Warning: attachment ../test-results/04-support-tickets.smoke-S-d4ec2--only-see-their-own-tickets-smoke-retry1/trace.zip is missing]]>
</system-err>
</testcase>
<testcase name="Support Tickets - Counter_Agent Role › Counter_Agent cannot delete tickets" classname="04-support-tickets.smoke.spec.ts" time="129.938">
<failure message="04-support-tickets.smoke.spec.ts:452:7 Counter_Agent cannot delete tickets" type="FAILURE">
<![CDATA[  [smoke] › 04-support-tickets.smoke.spec.ts:452:7 › Support Tickets - Counter_Agent Role › Counter_Agent cannot delete tickets 

    TimeoutError: page.waitForURL: Timeout 60000ms exceeded.
    =========================== logs ===========================
    waiting for navigation to "**/app/**" until "commit"
    ============================================================

       at pages/LoginPage.ts:37

      35 |     // Wait for navigation (increased timeout for slow backend - can take 4-5 seconds for login)
      36 |     // Use 'commit' instead of 'load' to not wait for all resources
    > 37 |     await this.page.waitForURL('**/app/**', { timeout: 60000, waitUntil: 'commit' });
         |                     ^
      38 |     await this.waitForPageReady();
      39 |   }
      40 |
        at LoginPage.login (/Users/nikolay/github/greenpay/tests/production/pages/LoginPage.ts:37:21)
        at /Users/nikolay/github/greenpay/tests/production/04-support-tickets.smoke.spec.ts:455:5

    attachment #1: screenshot (image/png) ──────────────────────────────────────────────────────────
    ../../test-results/04-support-tickets.smoke-S-631d8-Agent-cannot-delete-tickets-smoke/test-failed-1.png
    ────────────────────────────────────────────────────────────────────────────────────────────────

    attachment #2: video (video/webm) ──────────────────────────────────────────────────────────────
    ../../test-results/04-support-tickets.smoke-S-631d8-Agent-cannot-delete-tickets-smoke/video.webm
    ────────────────────────────────────────────────────────────────────────────────────────────────

    Error Context: ../../test-results/04-support-tickets.smoke-S-631d8-Agent-cannot-delete-tickets-smoke/error-context.md

    attachment #4: trace (application/zip) ─────────────────────────────────────────────────────────
    ../../test-results/04-support-tickets.smoke-S-631d8-Agent-cannot-delete-tickets-smoke/trace.zip
    Usage:

        npx playwright show-trace ../../test-results/04-support-tickets.smoke-S-631d8-Agent-cannot-delete-tickets-smoke/trace.zip

    ────────────────────────────────────────────────────────────────────────────────────────────────

    Retry #1 ───────────────────────────────────────────────────────────────────────────────────────

    TimeoutError: page.waitForURL: Timeout 60000ms exceeded.
    =========================== logs ===========================
    waiting for navigation to "**/app/**" until "commit"
    ============================================================

       at pages/LoginPage.ts:37

      35 |     // Wait for navigation (increased timeout for slow backend - can take 4-5 seconds for login)
      36 |     // Use 'commit' instead of 'load' to not wait for all resources
    > 37 |     await this.page.waitForURL('**/app/**', { timeout: 60000, waitUntil: 'commit' });
         |                     ^
      38 |     await this.waitForPageReady();
      39 |   }
      40 |
        at LoginPage.login (/Users/nikolay/github/greenpay/tests/production/pages/LoginPage.ts:37:21)
        at /Users/nikolay/github/greenpay/tests/production/04-support-tickets.smoke.spec.ts:455:5

    attachment #1: screenshot (image/png) ──────────────────────────────────────────────────────────
    ../../test-results/04-support-tickets.smoke-S-631d8-Agent-cannot-delete-tickets-smoke-retry1/test-failed-1.png
    ────────────────────────────────────────────────────────────────────────────────────────────────

    attachment #2: video (video/webm) ──────────────────────────────────────────────────────────────
    ../../test-results/04-support-tickets.smoke-S-631d8-Agent-cannot-delete-tickets-smoke-retry1/video.webm
    ────────────────────────────────────────────────────────────────────────────────────────────────

    Error Context: ../../test-results/04-support-tickets.smoke-S-631d8-Agent-cannot-delete-tickets-smoke-retry1/error-context.md

    attachment #4: trace (application/zip) ─────────────────────────────────────────────────────────
    ../../test-results/04-support-tickets.smoke-S-631d8-Agent-cannot-delete-tickets-smoke-retry1/trace.zip
    Usage:

        npx playwright show-trace ../../test-results/04-support-tickets.smoke-S-631d8-Agent-cannot-delete-tickets-smoke-retry1/trace.zip

    ────────────────────────────────────────────────────────────────────────────────────────────────
]]>
</failure>
<system-err>
<![CDATA[
Warning: attachment ../test-results/04-support-tickets.smoke-S-631d8-Agent-cannot-delete-tickets-smoke/test-failed-1.png is missing
Warning: attachment ../test-results/04-support-tickets.smoke-S-631d8-Agent-cannot-delete-tickets-smoke/video.webm is missing
Warning: attachment ../test-results/04-support-tickets.smoke-S-631d8-Agent-cannot-delete-tickets-smoke/error-context.md is missing
Warning: attachment ../test-results/04-support-tickets.smoke-S-631d8-Agent-cannot-delete-tickets-smoke/trace.zip is missing
Warning: attachment ../test-results/04-support-tickets.smoke-S-631d8-Agent-cannot-delete-tickets-smoke-retry1/test-failed-1.png is missing
Warning: attachment ../test-results/04-support-tickets.smoke-S-631d8-Agent-cannot-delete-tickets-smoke-retry1/video.webm is missing
Warning: attachment ../test-results/04-support-tickets.smoke-S-631d8-Agent-cannot-delete-tickets-smoke-retry1/error-context.md is missing
Warning: attachment ../test-results/04-support-tickets.smoke-S-631d8-Agent-cannot-delete-tickets-smoke-retry1/trace.zip is missing]]>
</system-err>
</testcase>
<testcase name="Support Tickets - Flex_Admin Role › Flex_Admin can access and manage all tickets" classname="04-support-tickets.smoke.spec.ts" time="128.496">
<failure message="04-support-tickets.smoke.spec.ts:479:7 Flex_Admin can access and manage all tickets" type="FAILURE">
<![CDATA[  [smoke] › 04-support-tickets.smoke.spec.ts:479:7 › Support Tickets - Flex_Admin Role › Flex_Admin can access and manage all tickets 

    TimeoutError: page.waitForURL: Timeout 60000ms exceeded.
    =========================== logs ===========================
    waiting for navigation to "**/app/**" until "commit"
    ============================================================

       at pages/LoginPage.ts:37

      35 |     // Wait for navigation (increased timeout for slow backend - can take 4-5 seconds for login)
      36 |     // Use 'commit' instead of 'load' to not wait for all resources
    > 37 |     await this.page.waitForURL('**/app/**', { timeout: 60000, waitUntil: 'commit' });
         |                     ^
      38 |     await this.waitForPageReady();
      39 |   }
      40 |
        at LoginPage.login (/Users/nikolay/github/greenpay/tests/production/pages/LoginPage.ts:37:21)
        at /Users/nikolay/github/greenpay/tests/production/04-support-tickets.smoke.spec.ts:482:5

    Error: apiRequestContext._wrapApiCall: ENOENT: no such file or directory, open '/Users/nikolay/github/greenpay/test-results/.playwright-artifacts-18/traces/3519756d1908034352db-cfecd0bacbe30523e929.trace'

    Error: ENOENT: no such file or directory, open '/Users/nikolay/github/greenpay/test-results/.playwright-artifacts-18/6469070dbc6aacfcc0527ce9e22c042a.zip'

    Test timeout of 120000ms exceeded.

    attachment #1: screenshot (image/png) ──────────────────────────────────────────────────────────
    ../../test-results/04-support-tickets.smoke-S-53223-cess-and-manage-all-tickets-smoke/test-failed-1.png
    ────────────────────────────────────────────────────────────────────────────────────────────────

    Error Context: ../../test-results/04-support-tickets.smoke-S-53223-cess-and-manage-all-tickets-smoke/error-context.md

    Retry #1 ───────────────────────────────────────────────────────────────────────────────────────

    TimeoutError: page.waitForURL: Timeout 60000ms exceeded.
    =========================== logs ===========================
    waiting for navigation to "**/app/**" until "commit"
    ============================================================

       at pages/LoginPage.ts:37

      35 |     // Wait for navigation (increased timeout for slow backend - can take 4-5 seconds for login)
      36 |     // Use 'commit' instead of 'load' to not wait for all resources
    > 37 |     await this.page.waitForURL('**/app/**', { timeout: 60000, waitUntil: 'commit' });
         |                     ^
      38 |     await this.waitForPageReady();
      39 |   }
      40 |
        at LoginPage.login (/Users/nikolay/github/greenpay/tests/production/pages/LoginPage.ts:37:21)
        at /Users/nikolay/github/greenpay/tests/production/04-support-tickets.smoke.spec.ts:482:5

    attachment #1: screenshot (image/png) ──────────────────────────────────────────────────────────
    ../../test-results/04-support-tickets.smoke-S-53223-cess-and-manage-all-tickets-smoke-retry1/test-failed-1.png
    ────────────────────────────────────────────────────────────────────────────────────────────────

    attachment #2: video (video/webm) ──────────────────────────────────────────────────────────────
    ../../test-results/04-support-tickets.smoke-S-53223-cess-and-manage-all-tickets-smoke-retry1/video.webm
    ────────────────────────────────────────────────────────────────────────────────────────────────

    Error Context: ../../test-results/04-support-tickets.smoke-S-53223-cess-and-manage-all-tickets-smoke-retry1/error-context.md

    attachment #4: trace (application/zip) ─────────────────────────────────────────────────────────
    ../../test-results/04-support-tickets.smoke-S-53223-cess-and-manage-all-tickets-smoke-retry1/trace.zip
    Usage:

        npx playwright show-trace ../../test-results/04-support-tickets.smoke-S-53223-cess-and-manage-all-tickets-smoke-retry1/trace.zip

    ────────────────────────────────────────────────────────────────────────────────────────────────
]]>
</failure>
<system-err>
<![CDATA[
Warning: attachment ../test-results/04-support-tickets.smoke-S-53223-cess-and-manage-all-tickets-smoke/test-failed-1.png is missing
Warning: attachment ../test-results/04-support-tickets.smoke-S-53223-cess-and-manage-all-tickets-smoke/error-context.md is missing
Warning: attachment ../test-results/04-support-tickets.smoke-S-53223-cess-and-manage-all-tickets-smoke-retry1/test-failed-1.png is missing
Warning: attachment ../test-results/04-support-tickets.smoke-S-53223-cess-and-manage-all-tickets-smoke-retry1/video.webm is missing
Warning: attachment ../test-results/04-support-tickets.smoke-S-53223-cess-and-manage-all-tickets-smoke-retry1/error-context.md is missing
Warning: attachment ../test-results/04-support-tickets.smoke-S-53223-cess-and-manage-all-tickets-smoke-retry1/trace.zip is missing]]>
</system-err>
</testcase>
<testcase name="Support Tickets - Flex_Admin Role › Flex_Admin can delete any ticket" classname="04-support-tickets.smoke.spec.ts" time="126.254">
<failure message="04-support-tickets.smoke.spec.ts:504:7 Flex_Admin can delete any ticket" type="FAILURE">
<![CDATA[  [smoke] › 04-support-tickets.smoke.spec.ts:504:7 › Support Tickets - Flex_Admin Role › Flex_Admin can delete any ticket 

    TimeoutError: page.waitForURL: Timeout 60000ms exceeded.
    =========================== logs ===========================
    waiting for navigation to "**/app/**" until "commit"
    ============================================================

       at pages/LoginPage.ts:37

      35 |     // Wait for navigation (increased timeout for slow backend - can take 4-5 seconds for login)
      36 |     // Use 'commit' instead of 'load' to not wait for all resources
    > 37 |     await this.page.waitForURL('**/app/**', { timeout: 60000, waitUntil: 'commit' });
         |                     ^
      38 |     await this.waitForPageReady();
      39 |   }
      40 |
        at LoginPage.login (/Users/nikolay/github/greenpay/tests/production/pages/LoginPage.ts:37:21)
        at /Users/nikolay/github/greenpay/tests/production/04-support-tickets.smoke.spec.ts:507:5

    Error: apiRequestContext._wrapApiCall: ENOENT: no such file or directory, open '/Users/nikolay/github/greenpay/test-results/.playwright-artifacts-20/traces/3519756d1908034352db-4a02aa792e8d0a067bb2.trace'

    Error: ENOENT: no such file or directory, open '/Users/nikolay/github/greenpay/test-results/.playwright-artifacts-20/9abd8f38b087cbb1e4ed73622c21f122.zip'

    Test timeout of 120000ms exceeded.

    attachment #1: screenshot (image/png) ──────────────────────────────────────────────────────────
    ../../test-results/04-support-tickets.smoke-S-f1955-Admin-can-delete-any-ticket-smoke/test-failed-1.png
    ────────────────────────────────────────────────────────────────────────────────────────────────

    Error Context: ../../test-results/04-support-tickets.smoke-S-f1955-Admin-can-delete-any-ticket-smoke/error-context.md

    Retry #1 ───────────────────────────────────────────────────────────────────────────────────────

    TimeoutError: page.waitForURL: Timeout 60000ms exceeded.
    =========================== logs ===========================
    waiting for navigation to "**/app/**" until "commit"
    ============================================================

       at pages/LoginPage.ts:37

      35 |     // Wait for navigation (increased timeout for slow backend - can take 4-5 seconds for login)
      36 |     // Use 'commit' instead of 'load' to not wait for all resources
    > 37 |     await this.page.waitForURL('**/app/**', { timeout: 60000, waitUntil: 'commit' });
         |                     ^
      38 |     await this.waitForPageReady();
      39 |   }
      40 |
        at LoginPage.login (/Users/nikolay/github/greenpay/tests/production/pages/LoginPage.ts:37:21)
        at /Users/nikolay/github/greenpay/tests/production/04-support-tickets.smoke.spec.ts:507:5

    Error: apiRequestContext._wrapApiCall: ENOENT: no such file or directory, open '/Users/nikolay/github/greenpay/test-results/.playwright-artifacts-21/traces/3519756d1908034352db-4a02aa792e8d0a067bb2-retry1.trace'

    Error: ENOENT: no such file or directory, open '/Users/nikolay/github/greenpay/test-results/.playwright-artifacts-21/f62f405a828fbce17fdc38ac6d26ffcf.zip'

    Test timeout of 120000ms exceeded.

    attachment #1: screenshot (image/png) ──────────────────────────────────────────────────────────
    ../../test-results/04-support-tickets.smoke-S-f1955-Admin-can-delete-any-ticket-smoke-retry1/test-failed-1.png
    ────────────────────────────────────────────────────────────────────────────────────────────────

    Error Context: ../../test-results/04-support-tickets.smoke-S-f1955-Admin-can-delete-any-ticket-smoke-retry1/error-context.md
]]>
</failure>
<system-out>
<![CDATA[
[[ATTACHMENT|../test-results/04-support-tickets.smoke-S-f1955-Admin-can-delete-any-ticket-smoke-retry1/test-failed-1.png]]

[[ATTACHMENT|../test-results/04-support-tickets.smoke-S-f1955-Admin-can-delete-any-ticket-smoke-retry1/error-context.md]]
]]>
</system-out>
<system-err>
<![CDATA[
Warning: attachment ../test-results/04-support-tickets.smoke-S-f1955-Admin-can-delete-any-ticket-smoke/test-failed-1.png is missing
Warning: attachment ../test-results/04-support-tickets.smoke-S-f1955-Admin-can-delete-any-ticket-smoke/error-context.md is missing]]>
</system-err>
</testcase>
</testsuite>
</testsuites>